\BOOKMARK [0][-]{chapter*.1}{\376\377\000R\000\351\000s\000u\000m\000\351}{}% 1
\BOOKMARK [0][-]{chapter*.2}{\376\377\000A\000b\000s\000t\000r\000a\000c\000t}{}% 2
\BOOKMARK [0][-]{chapter*.3}{\376\377\000R\000e\000m\000e\000r\000c\000i\000e\000m\000e\000n\000t\000s}{}% 3
\BOOKMARK [0][-]{chapter*.7}{\376\377\000A\000c\000r\000o\000n\000y\000m\000e\000s}{}% 4
\BOOKMARK [0][-]{chapter*.8}{\376\377\000I\000n\000t\000r\000o\000d\000u\000c\000t\000i\000o\000n\000\040\000g\000\351\000n\000\351\000r\000a\000l\000e}{}% 5
\BOOKMARK [1][-]{section.0.1}{\376\377\000C\000o\000n\000t\000e\000x\000t\000e\000\040\000t\000e\000c\000h\000n\000i\000q\000u\000e}{chapter*.8}% 6
\BOOKMARK [2][-]{subsection.0.1.1}{\376\377\000G\000N\000S\000S\000\040\000\050\000G\000l\000o\000b\000a\000l\000\040\000N\000a\000v\000i\000g\000a\000t\000i\000o\000n\000\040\000S\000a\000t\000e\000l\000l\000i\000t\000e\000\040\000S\000y\000s\000t\000e\000m\000\051}{section.0.1}% 7
\BOOKMARK [2][-]{subsection.0.1.2}{\376\377\000P\000r\000i\000n\000c\000i\000p\000e\000\040\000d\000e\000\040\000l\000a\000\040\000m\000e\000s\000u\000r\000e\000\040\000d\000e\000\040\000d\000i\000s\000t\000a\000n\000c\000e}{section.0.1}% 8
\BOOKMARK [2][-]{subsection.0.1.3}{\376\377\000O\000b\000s\000e\000r\000v\000a\000t\000i\000o\000n\000s\000\040\000e\000t\000\040\000m\000\351\000t\000h\000o\000d\000e\000s\000\040\000d\000e\000\040\000p\000o\000s\000i\000t\000i\000o\000n\000n\000e\000m\000e\000n\000t}{section.0.1}% 9
\BOOKMARK [1][-]{section.0.2}{\376\377\000O\000r\000e\000k\000i\000t\000\040\000e\000t\000\040\000l\000e\000s\000\040\000o\000u\000t\000i\000l\000s\000\040\000e\000x\000i\000s\000t\000a\000n\000t\000s}{chapter*.8}% 10
\BOOKMARK [1][-]{section.0.3}{\376\377\000P\000r\000o\000b\000l\000\351\000m\000a\000t\000i\000q\000u\000e\000\040\000g\000\351\000n\000\351\000r\000a\000l\000e}{chapter*.8}% 11
\BOOKMARK [0][-]{chapter.1}{\376\377\000M\000o\000d\000\351\000l\000i\000s\000a\000t\000i\000o\000n\000\040\000e\000t\000\040\000m\000i\000s\000e\000\040\000e\000n\000\040\001\123\000u\000v\000r\000e\000\040\000d\000u\000\040\000p\000o\000s\000i\000t\000i\000o\000n\000n\000e\000m\000e\000n\000t\000\040\000G\000N\000S\000S}{}% 12
\BOOKMARK [1][-]{section.1.1}{\376\377\000P\000o\000s\000i\000t\000i\000o\000n\000n\000e\000m\000e\000n\000t\000\040\000p\000a\000r\000\040\000S\000P\000P}{chapter.1}% 13
\BOOKMARK [2][-]{subsection.1.1.1}{\376\377\000P\000r\000i\000n\000c\000i\000p\000e\000\040\000t\000h\000\351\000o\000r\000i\000q\000u\000e}{section.1.1}% 14
\BOOKMARK [2][-]{subsection.1.1.2}{\376\377\000C\000o\000r\000r\000e\000c\000t\000i\000o\000n\000s\000\040\000u\000t\000i\000l\000i\000s\000\351\000e\000s\000\040\000e\000n\000\040\000S\000P\000P}{section.1.1}% 15
\BOOKMARK [2][-]{subsection.1.1.3}{\376\377\000E\000s\000t\000i\000m\000a\000t\000i\000o\000n\000\040\000d\000e\000\040\000l\000a\000\040\000p\000o\000s\000i\000t\000i\000o\000n\000\040\000S\000P\000P}{section.1.1}% 16
\BOOKMARK [1][-]{section.1.2}{\376\377\000P\000o\000s\000i\000t\000i\000o\000n\000n\000e\000m\000e\000n\000t\000\040\000p\000a\000r\000\040\000P\000P\000P}{chapter.1}% 17
\BOOKMARK [2][-]{subsection.1.2.1}{\376\377\000M\000e\000s\000u\000r\000e\000\040\000d\000e\000\040\000p\000h\000a\000s\000e\000\040\000e\000t\000\040\000a\000m\000b\000i\000g\000u\000\357\000t\000\351}{section.1.2}% 18
\BOOKMARK [2][-]{subsection.1.2.2}{\376\377\000C\000o\000r\000r\000e\000c\000t\000i\000o\000n\000s\000\040\000s\000u\000p\000p\000l\000\351\000m\000e\000n\000t\000a\000i\000r\000e\000s}{section.1.2}% 19
\BOOKMARK [2][-]{subsection.1.2.3}{\376\377\000C\000e\000n\000t\000r\000e\000s\000\040\000d\000e\000\040\000p\000h\000a\000s\000e\000\040\000d\000e\000s\000\040\000a\000n\000t\000e\000n\000n\000e\000s}{section.1.2}% 20
\BOOKMARK [2][-]{subsection.1.2.4}{\376\377\000E\000f\000f\000e\000t\000\040\000w\000i\000n\000d\000-\000u\000p}{section.1.2}% 21
\BOOKMARK [2][-]{subsection.1.2.5}{\376\377\000E\000s\000t\000i\000m\000a\000t\000i\000o\000n\000\040\000s\000\351\000q\000u\000e\000n\000t\000i\000e\000l\000l\000e\000\040\000e\000t\000\040\000c\000o\000n\000t\000i\000n\000u\000i\000t\000\351\000\040\000d\000e\000s\000\040\000o\000b\000s\000e\000r\000v\000a\000t\000i\000o\000n\000s}{section.1.2}% 22
\BOOKMARK [1][-]{section.1.3}{\376\377\000I\000m\000p\000l\000\351\000m\000e\000n\000t\000a\000t\000i\000o\000n\000\040\000a\000v\000e\000c\000\040\000O\000r\000e\000k\000i\000t}{chapter.1}% 23
\BOOKMARK [0][-]{chapter.2}{\376\377\000P\000r\000i\000n\000c\000i\000p\000e\000\040\000d\000u\000\040\000p\000o\000s\000i\000t\000i\000o\000n\000n\000e\000m\000e\000n\000t\000\040\000G\000N\000S\000S}{}% 24
\BOOKMARK [1][-]{section.2.1}{\376\377\000M\000e\000s\000u\000r\000e\000\040\000d\000e\000\040\000d\000i\000s\000t\000a\000n\000c\000e\000\040\000p\000a\000r\000\040\000s\000i\000g\000n\000a\000u\000x\000\040\000G\000N\000S\000S}{chapter.2}% 25
\BOOKMARK [1][-]{section.2.2}{\376\377\000O\000b\000s\000e\000r\000v\000a\000t\000i\000o\000n\000s\000\040\000G\000N\000S\000S}{chapter.2}% 26
\BOOKMARK [2][-]{subsection.2.2.1}{\376\377\000P\000s\000e\000u\000d\000o\000-\000d\000i\000s\000t\000a\000n\000c\000e}{section.2.2}% 27
\BOOKMARK [2][-]{subsection.2.2.2}{\376\377\000P\000h\000a\000s\000e\000\040\000d\000e\000\040\000p\000o\000r\000t\000e\000u\000s\000e}{section.2.2}% 28
\BOOKMARK [1][-]{section.2.3}{\376\377\000R\000\351\000s\000o\000l\000u\000t\000i\000o\000n\000\040\000p\000o\000u\000r\000\040\000n\000\040\000s\000a\000t\000e\000l\000l\000i\000t\000e\000s\000\040\000\050\000n\000>\000=\0004\000\051}{chapter.2}% 29
\BOOKMARK [2][-]{subsection.2.3.1}{\376\377\000L\000i\000n\000\351\000a\000r\000i\000s\000a\000t\000i\000o\000n\000\040\000d\000u\000\040\000m\000o\000d\000\350\000l\000e}{section.2.3}% 30
\BOOKMARK [0][-]{chapter.3}{\376\377\000C\000h\000a\000\356\000n\000e\000\040\000d\000e\000\040\000t\000r\000a\000i\000t\000e\000m\000e\000n\000t\000\040\000d\000u\000\040\000p\000o\000s\000i\000t\000i\000o\000n\000n\000e\000m\000e\000n\000t\000\040\000G\000N\000S\000S}{}% 31
\BOOKMARK [1][-]{section.3.1}{\376\377\000F\000i\000c\000h\000i\000e\000r\000s\000\040\000d\000'\000e\000n\000t\000r\000\351\000e}{chapter.3}% 32
\BOOKMARK [2][-]{subsection.3.1.1}{\376\377\000F\000i\000c\000h\000i\000e\000r\000\040\000R\000I\000N\000E\000X\000\040\000O\000b\000s\000e\000r\000v\000a\000t\000i\000o\000n}{section.3.1}% 33
\BOOKMARK [2][-]{subsection.3.1.2}{\376\377\000F\000i\000c\000h\000i\000e\000r\000\040\000R\000I\000N\000E\000X\000\040\000N\000a\000v\000i\000g\000a\000t\000i\000o\000n}{section.3.1}% 34
\BOOKMARK [1][-]{section.3.2}{\376\377\000M\000o\000d\000\350\000l\000e\000s\000\040\000d\000e\000\040\000c\000o\000r\000r\000e\000c\000t\000i\000o\000n}{chapter.3}% 35
\BOOKMARK [2][-]{subsection.3.2.1}{\376\377\000H\000o\000r\000l\000o\000g\000e\000s}{section.3.2}% 36
\BOOKMARK [2][-]{subsection.3.2.2}{\376\377\000C\000o\000r\000r\000e\000c\000t\000i\000o\000n\000s\000\040\000g\000\351\000o\000m\000\351\000t\000r\000i\000q\000u\000e\000s\000\040\000e\000t\000\040\000r\000e\000l\000a\000t\000i\000v\000i\000s\000t\000e\000s}{section.3.2}% 37
\BOOKMARK [2][-]{subsection.3.2.3}{\376\377\000M\000o\000d\000\351\000l\000i\000s\000a\000t\000i\000o\000n\000\040\000d\000e\000\040\000l\000a\000\040\000t\000r\000o\000p\000o\000s\000p\000h\000\350\000r\000e}{section.3.2}% 38
\BOOKMARK [2][-]{subsection.3.2.4}{\376\377\000M\000o\000d\000\351\000l\000i\000s\000a\000t\000i\000o\000n\000\040\000d\000e\000\040\000l\000a\000\040\000i\000o\000n\000o\000s\000p\000h\000\350\000r\000e}{section.3.2}% 39
\BOOKMARK [2][-]{subsection.3.2.5}{\376\377\000T\000r\000a\000i\000t\000e\000m\000e\000n\000t\000\040\000m\000u\000l\000t\000i\000-\000c\000o\000n\000s\000t\000e\000l\000l\000a\000t\000i\000o\000n}{section.3.2}% 40
\BOOKMARK [1][-]{section.3.3}{\376\377\000S\000\351\000l\000e\000c\000t\000i\000o\000n\000\040\000e\000t\000\040\000r\000e\000j\000e\000t\000\040\000d\000e\000s\000\040\000o\000b\000s\000e\000r\000v\000a\000t\000i\000o\000n\000s}{chapter.3}% 41
\BOOKMARK [2][-]{subsection.3.3.1}{\376\377\000C\000o\000n\000t\000r\000\364\000l\000e\000s\000\040\000p\000r\000\351\000a\000l\000a\000b\000l\000e\000s\000\040\000d\000e\000s\000\040\000s\000a\000t\000e\000l\000l\000i\000t\000e\000s\000\040\000e\000t\000\040\000d\000e\000s\000\040\000s\000i\000g\000n\000a\000u\000x}{section.3.3}% 42
\BOOKMARK [2][-]{subsection.3.3.2}{\376\377\000R\000e\000j\000e\000t\000\040\000s\000u\000r\000\040\000l\000e\000\040\000G\000D\000O\000P}{section.3.3}% 43
\BOOKMARK [2][-]{subsection.3.3.3}{\376\377\000R\000e\000j\000e\000t\000\040\000s\000u\000r\000\040\000l\000e\000s\000\040\000r\000\351\000s\000i\000d\000u\000s}{section.3.3}% 44
\BOOKMARK [1][-]{section.3.4}{\376\377\000M\000o\000i\000n\000d\000r\000e\000s\000\040\000c\000a\000r\000r\000\351\000s\000\040\000p\000o\000n\000d\000\351\000r\000\351\000s\000\040\000\050\000W\000L\000S\000\051}{chapter.3}% 45
\BOOKMARK [1][-]{section.3.5}{\376\377\000F\000i\000l\000t\000r\000e\000\040\000d\000e\000\040\000K\000a\000l\000m\000a\000n\000\040\000\351\000t\000e\000n\000d\000u\000\040\000\050\000E\000K\000F\000\051}{chapter.3}% 46
\BOOKMARK [2][-]{subsection.3.5.1}{\376\377\000I\000n\000i\000t\000i\000a\000l\000i\000s\000a\000t\000i\000o\000n\000\040\000d\000u\000\040\000f\000i\000l\000t\000r\000e}{section.3.5}% 47
\BOOKMARK [2][-]{subsection.3.5.2}{\376\377\000M\000o\000d\000\350\000l\000e\000\040\000d\000'\000\351\000v\000o\000l\000u\000t\000i\000o\000n}{section.3.5}% 48
\BOOKMARK [2][-]{subsection.3.5.3}{\376\377\000M\000o\000d\000\350\000l\000e\000\040\000d\000'\000o\000b\000s\000e\000r\000v\000a\000t\000i\000o\000n}{section.3.5}% 49
\BOOKMARK [2][-]{subsection.3.5.4}{\376\377\000P\000r\000\351\000d\000i\000c\000t\000i\000o\000n}{section.3.5}% 50
\BOOKMARK [2][-]{subsection.3.5.5}{\376\377\000M\000i\000s\000e\000\040\000\340\000\040\000j\000o\000u\000r}{section.3.5}% 51
\BOOKMARK [2][-]{subsection.3.5.6}{\376\377\000F\000o\000n\000c\000t\000i\000o\000n\000n\000a\000l\000i\000t\000\351\000s\000\040\000c\000o\000m\000p\000l\000\351\000m\000e\000n\000t\000a\000i\000r\000e\000s\000\040\000d\000u\000\040\000t\000r\000a\000i\000t\000e\000m\000e\000n\000t\000\040\000G\000N\000S\000S}{section.3.5}% 52
\BOOKMARK [0][-]{chapter.4}{\376\377\000P\000a\000s\000s\000a\000g\000e\000\040\000e\000n\000\040\000P\000r\000e\000c\000i\000s\000e\000\040\000P\000o\000i\000n\000t\000\040\000P\000o\000s\000i\000t\000i\000o\000n\000i\000n\000g\000\040\000\050\000P\000P\000P\000\051}{}% 53
\BOOKMARK [1][-]{section.4.1}{\376\377\000P\000r\000i\000n\000c\000i\000p\000e\000\040\000d\000u\000\040\000P\000r\000e\000c\000i\000s\000e\000\040\000P\000o\000i\000n\000t\000\040\000P\000o\000s\000i\000t\000i\000o\000n\000i\000n\000g}{chapter.4}% 54
\BOOKMARK [1][-]{section.4.2}{\376\377\000F\000i\000c\000h\000i\000e\000r\000s\000\040\000d\000'\000e\000n\000t\000r\000\351\000e\000\040\000p\000o\000u\000r\000\040\000l\000e\000\040\000P\000P\000P}{chapter.4}% 55
\BOOKMARK [2][-]{subsection.4.2.1}{\376\377\000O\000r\000b\000i\000t\000e\000s\000\040\000p\000r\000\351\000c\000i\000s\000e\000s\000\040\000S\000P\0003}{section.4.2}% 56
\BOOKMARK [2][-]{subsection.4.2.2}{\376\377\000H\000o\000r\000l\000o\000g\000e\000s\000\040\000p\000r\000\351\000c\000i\000s\000e\000s\000\040\000C\000L\000K}{section.4.2}% 57
\BOOKMARK [2][-]{subsection.4.2.3}{\376\377\000B\000i\000a\000i\000s\000\040\000o\000b\000s\000e\000r\000v\000a\000b\000l\000e\000s\000\040\000B\000I\000A}{section.4.2}% 58
\BOOKMARK [2][-]{subsection.4.2.4}{\376\377\000P\000r\000o\000d\000u\000i\000t\000s\000\040\000d\000'\000a\000n\000t\000e\000n\000n\000e\000\040\000A\000N\000T\000E\000X}{section.4.2}% 59
\BOOKMARK [1][-]{section.4.3}{\376\377\000C\000o\000r\000r\000e\000c\000t\000i\000o\000n\000s\000\040\000s\000u\000p\000p\000l\000\351\000m\000e\000n\000t\000a\000i\000r\000e\000s}{chapter.4}% 60
\BOOKMARK [2][-]{subsection.4.3.1}{\376\377\000C\000e\000n\000t\000r\000e\000s\000\040\000d\000e\000\040\000p\000h\000a\000s\000e\000\040\000d\000e\000s\000\040\000a\000n\000t\000e\000n\000n\000e\000s}{section.4.3}% 61
\BOOKMARK [2][-]{subsection.4.3.2}{\376\377\000E\000n\000r\000o\000u\000l\000e\000m\000e\000n\000t\000\040\000d\000e\000\040\000p\000h\000a\000s\000e\000\040\000\050\000w\000i\000n\000d\000-\000u\000p\000\051}{section.4.3}% 62
\BOOKMARK [2][-]{subsection.4.3.3}{\376\377\000C\000o\000r\000r\000e\000c\000t\000i\000o\000n\000\040\000d\000e\000s\000\040\000m\000a\000r\000\351\000e\000s\000\040\000t\000e\000r\000r\000e\000s\000t\000r\000e\000s}{section.4.3}% 63
\BOOKMARK [1][-]{section.4.4}{\376\377\000S\000y\000n\000t\000h\000\350\000s\000e\000\040\000d\000e\000s\000\040\000\351\000v\000o\000l\000u\000t\000i\000o\000n\000s\000\040\000a\000p\000p\000o\000r\000t\000\351\000e\000s\000\040\000p\000a\000r\000\040\000l\000e\000\040\000P\000P\000P}{chapter.4}% 64
\BOOKMARK [0][-]{chapter*.16}{\376\377\000G\000l\000o\000s\000s\000a\000i\000r\000e}{}% 65
\BOOKMARK [0][-]{chapter*.17}{\376\377\000B\000i\000b\000l\000i\000o\000g\000r\000a\000p\000h\000i\000e}{}% 66
\BOOKMARK [0][-]{appendix.A}{\376\377\000D\000\351\000t\000a\000i\000l\000s\000\040\000d\000e\000s\000\040\000m\000o\000d\000\350\000l\000e\000s\000\040\000d\000e\000\040\000c\000o\000r\000r\000e\000c\000t\000i\000o\000n}{}% 67
\BOOKMARK [1][-]{appendix.A.1}{\376\377\000F\000o\000n\000c\000t\000i\000o\000n\000s\000\040\000d\000e\000\040\000p\000r\000o\000j\000e\000c\000t\000i\000o\000n\000\040\000t\000r\000o\000p\000o\000s\000p\000h\000\351\000r\000i\000q\000u\000e}{appendix.A}% 68
\BOOKMARK [1][-]{appendix.A.2}{\376\377\000M\000o\000d\000\350\000l\000e\000\040\000i\000o\000n\000o\000s\000p\000h\000\351\000r\000i\000q\000u\000e\000\040\000d\000e\000\040\000K\000l\000o\000b\000u\000c\000h\000a\000r}{appendix.A}% 69
\BOOKMARK [2][-]{subsection.A.2.1}{\376\377\000C\000a\000l\000c\000u\000l\000\040\000d\000u\000\040\000p\000o\000i\000n\000t\000\040\000d\000e\000\040\000p\000e\000r\000c\000e\000m\000e\000n\000t\000\040\000i\000o\000n\000o\000s\000p\000h\000\351\000r\000i\000q\000u\000e}{appendix.A.2}% 70
\BOOKMARK [2][-]{subsection.A.2.2}{\376\377\000A\000m\000p\000l\000i\000t\000u\000d\000e\000\040\000e\000t\000\040\000p\000\351\000r\000i\000o\000d\000e\000\040\000d\000u\000\040\000m\000o\000d\000\350\000l\000e}{appendix.A.2}% 71
\BOOKMARK [2][-]{subsection.A.2.3}{\376\377\000R\000e\000t\000a\000r\000d\000\040\000i\000o\000n\000o\000s\000p\000h\000\351\000r\000i\000q\000u\000e\000\040\000v\000e\000r\000t\000i\000c\000a\000l}{appendix.A.2}% 72
\BOOKMARK [2][-]{subsection.A.2.4}{\376\377\000P\000r\000o\000j\000e\000c\000t\000i\000o\000n\000\040\000d\000u\000\040\000r\000e\000t\000a\000r\000d\000\040\000s\000e\000l\000o\000n\000\040\000l\000a\000\040\000l\000i\000g\000n\000e\000\040\000d\000e\000\040\000v\000i\000s\000\351\000e}{appendix.A.2}% 73
\BOOKMARK [0][-]{appendix.B}{\376\377\000L\000i\000n\000\351\000a\000r\000i\000s\000a\000t\000i\000o\000n\000\040\000e\000t\000\040\000m\000\351\000t\000h\000o\000d\000e\000s\000\040\000d\000'\000e\000s\000t\000i\000m\000a\000t\000i\000o\000n}{}% 74
\BOOKMARK [1][-]{appendix.B.1}{\376\377\000L\000i\000n\000\351\000a\000r\000i\000s\000a\000t\000i\000o\000n\000\040\000d\000u\000\040\000m\000o\000d\000\350\000l\000e}{appendix.B}% 75
\BOOKMARK [1][-]{appendix.B.2}{\376\377\000M\000o\000i\000n\000d\000r\000e\000s\000\040\000c\000a\000r\000r\000\351\000s\000\040\000p\000o\000n\000d\000\351\000r\000\351\000s}{appendix.B}% 76
\BOOKMARK [1][-]{appendix.B.3}{\376\377\000F\000i\000l\000t\000r\000e\000\040\000d\000e\000\040\000K\000a\000l\000m\000a\000n\000\040\000\351\000t\000e\000n\000d\000u\000\040}{appendix.B}% 77
\BOOKMARK [2][-]{subsection.B.3.1}{\376\377\000I\000n\000i\000t\000i\000a\000l\000i\000s\000a\000t\000i\000o\000n\000\040\000d\000u\000\040\000f\000i\000l\000t\000r\000e}{appendix.B.3}% 78
\BOOKMARK [2][-]{subsection.B.3.2}{\376\377\000M\000o\000d\000\350\000l\000e\000\040\000d\000'\000\351\000v\000o\000l\000u\000t\000i\000o\000n}{appendix.B.3}% 79
\BOOKMARK [2][-]{subsection.B.3.3}{\376\377\000M\000o\000d\000\350\000l\000e\000\040\000d\000'\000o\000b\000s\000e\000r\000v\000a\000t\000i\000o\000n}{appendix.B.3}% 80
\BOOKMARK [2][-]{subsection.B.3.4}{\376\377\000P\000r\000\351\000d\000i\000c\000t\000i\000o\000n}{appendix.B.3}% 81
\BOOKMARK [2][-]{subsection.B.3.5}{\376\377\000M\000i\000s\000e\000\040\000\340\000\040\000j\000o\000u\000r}{appendix.B.3}% 82
\BOOKMARK [2][-]{subsection.B.3.6}{\376\377\000F\000o\000n\000c\000t\000i\000o\000n\000n\000a\000l\000i\000t\000\351\000s\000\040\000c\000o\000m\000p\000l\000\351\000m\000e\000n\000t\000a\000i\000r\000e\000s\000\040\000d\000u\000\040\000t\000r\000a\000i\000t\000e\000m\000e\000n\000t\000\040\000G\000N\000S\000S}{appendix.B.3}% 83
