\BOOKMARK [0][-]{chapter*.1}{\376\377\000R\000\351\000s\000u\000m\000\351}{}% 1
\BOOKMARK [0][-]{chapter*.2}{\376\377\000A\000b\000s\000t\000r\000a\000c\000t}{}% 2
\BOOKMARK [0][-]{chapter*.3}{\376\377\000R\000e\000m\000e\000r\000c\000i\000e\000m\000e\000n\000t\000s}{}% 3
\BOOKMARK [0][-]{section*.8}{\376\377\000G\000l\000o\000s\000s\000a\000i\000r\000e}{}% 4
\BOOKMARK [0][-]{chapter*.9}{\376\377\000I\000n\000t\000r\000o\000d\000u\000c\000t\000i\000o\000n\000\040\000g\000\351\000n\000\351\000r\000a\000l\000e}{}% 5
\BOOKMARK [1][-]{section.0.1}{\376\377\000C\000o\000n\000t\000e\000x\000t\000e\000\040\000t\000e\000c\000h\000n\000i\000q\000u\000e}{chapter*.9}% 6
\BOOKMARK [2][-]{subsection.0.1.1}{\376\377\000G\000N\000S\000S\000\040\000\050\000G\000l\000o\000b\000a\000l\000\040\000N\000a\000v\000i\000g\000a\000t\000i\000o\000n\000\040\000S\000a\000t\000e\000l\000l\000i\000t\000e\000\040\000S\000y\000s\000t\000e\000m\000\051}{section.0.1}% 7
\BOOKMARK [2][-]{subsection.0.1.2}{\376\377\000P\000r\000i\000n\000c\000i\000p\000e\000\040\000d\000e\000\040\000l\000a\000\040\000m\000e\000s\000u\000r\000e\000\040\000d\000e\000\040\000d\000i\000s\000t\000a\000n\000c\000e}{section.0.1}% 8
\BOOKMARK [2][-]{subsection.0.1.3}{\376\377\000O\000b\000s\000e\000r\000v\000a\000t\000i\000o\000n\000s\000\040\000e\000t\000\040\000m\000\351\000t\000h\000o\000d\000e\000s\000\040\000d\000e\000\040\000p\000o\000s\000i\000t\000i\000o\000n\000n\000e\000m\000e\000n\000t}{section.0.1}% 9
\BOOKMARK [1][-]{section.0.2}{\376\377\000O\000r\000e\000k\000i\000t\000\040\000e\000t\000\040\000l\000e\000s\000\040\000o\000u\000t\000i\000l\000s\000\040\000e\000x\000i\000s\000t\000a\000n\000t\000s}{chapter*.9}% 10
\BOOKMARK [1][-]{section.0.3}{\376\377\000P\000r\000o\000b\000l\000\351\000m\000a\000t\000i\000q\000u\000e\000\040\000g\000\351\000n\000\351\000r\000a\000l\000e}{chapter*.9}% 11
\BOOKMARK [0][-]{chapter.1}{\376\377\000M\000o\000d\000\351\000l\000i\000s\000a\000t\000i\000o\000n\000\040\000e\000t\000\040\000m\000i\000s\000e\000\040\000e\000n\000\040\001\123\000u\000v\000r\000e\000\040\000d\000u\000\040\000p\000o\000s\000i\000t\000i\000o\000n\000n\000e\000m\000e\000n\000t\000\040\000G\000N\000S\000S}{}% 12
\BOOKMARK [1][-]{section.1.1}{\376\377\000P\000o\000s\000i\000t\000i\000o\000n\000n\000e\000m\000e\000n\000t\000\040\000p\000a\000r\000\040\000S\000P\000P}{chapter.1}% 13
\BOOKMARK [2][-]{subsection.1.1.1}{\376\377\000P\000r\000i\000n\000c\000i\000p\000e\000\040\000t\000h\000\351\000o\000r\000i\000q\000u\000e}{section.1.1}% 14
\BOOKMARK [2][-]{subsection.1.1.2}{\376\377\000C\000o\000r\000r\000e\000c\000t\000i\000o\000n\000s\000\040\000u\000t\000i\000l\000i\000s\000\351\000e\000s\000\040\000e\000n\000\040\000S\000P\000P}{section.1.1}% 15
\BOOKMARK [2][-]{subsection.1.1.3}{\376\377\000E\000s\000t\000i\000m\000a\000t\000i\000o\000n\000\040\000d\000e\000\040\000l\000a\000\040\000p\000o\000s\000i\000t\000i\000o\000n\000\040\000S\000P\000P}{section.1.1}% 16
\BOOKMARK [1][-]{section.1.2}{\376\377\000P\000o\000s\000i\000t\000i\000o\000n\000n\000e\000m\000e\000n\000t\000\040\000p\000a\000r\000\040\000P\000P\000P}{chapter.1}% 17
\BOOKMARK [2][-]{subsection.1.2.1}{\376\377\000M\000e\000s\000u\000r\000e\000\040\000d\000e\000\040\000p\000h\000a\000s\000e\000\040\000e\000t\000\040\000a\000m\000b\000i\000g\000u\000\357\000t\000\351}{section.1.2}% 18
\BOOKMARK [2][-]{subsection.1.2.2}{\376\377\000C\000o\000r\000r\000e\000c\000t\000i\000o\000n\000s\000\040\000s\000u\000p\000p\000l\000\351\000m\000e\000n\000t\000a\000i\000r\000e\000s}{section.1.2}% 19
\BOOKMARK [2][-]{subsection.1.2.3}{\376\377\000\311\000q\000u\000a\000t\000i\000o\000n\000\040\000d\000e\000\040\000p\000h\000a\000s\000e\000\040\000e\000t\000\040\000m\000o\000d\000\350\000l\000e\000\040\000P\000P\000P}{section.1.2}% 20
\BOOKMARK [2][-]{subsection.1.2.4}{\376\377\000F\000i\000l\000t\000r\000e\000\040\000d\000e\000\040\000K\000a\000l\000m\000a\000n\000\040\000:\000\040\000m\000\351\000c\000a\000n\000i\000s\000m\000e\000s\000\040\000s\000p\000\351\000c\000i\000f\000i\000q\000u\000e\000s\000\040\000a\000u\000\040\000G\000N\000S\000S}{section.1.2}% 21
\BOOKMARK [1][-]{section.1.3}{\376\377\000I\000m\000p\000l\000\351\000m\000e\000n\000t\000a\000t\000i\000o\000n\000\040\000a\000v\000e\000c\000\040\000O\000r\000e\000k\000i\000t}{chapter.1}% 22
\BOOKMARK [2][-]{subsection.1.3.1}{\376\377\000F\000o\000n\000c\000t\000i\000o\000n\000s\000\040\000G\000N\000S\000S\000\040\000p\000r\000\351\000s\000e\000n\000t\000e\000s\000\040\000d\000a\000n\000s\000\040\000O\000r\000e\000k\000i\000t}{section.1.3}% 23
\BOOKMARK [2][-]{subsection.1.3.2}{\376\377\000E\000x\000i\000g\000e\000n\000c\000e\000s\000\040\000d\000u\000\040\000p\000r\000o\000g\000r\000a\000m\000m\000e}{section.1.3}% 24
\BOOKMARK [2][-]{subsection.1.3.3}{\376\377\000F\000i\000c\000h\000i\000e\000r\000s\000\040\000d\000'\000e\000n\000t\000r\000\351\000e}{section.1.3}% 25
\BOOKMARK [2][-]{subsection.1.3.4}{\376\377\000C\000h\000a\000\356\000n\000e\000\040\000d\000e\000\040\000t\000r\000a\000i\000t\000e\000m\000e\000n\000t}{section.1.3}% 26
\BOOKMARK [2][-]{subsection.1.3.5}{\376\377\000A\000d\000a\000p\000t\000a\000t\000i\000o\000n\000s\000\040\000e\000t\000\040\000d\000\351\000v\000e\000l\000o\000p\000p\000e\000m\000e\000n\000t\000s\000\040\000a\000u\000t\000o\000u\000r\000\040\000d\000'\000O\000r\000e\000k\000i\000t}{section.1.3}% 27
\BOOKMARK [0][-]{chapter.2}{\376\377\000R\000\351\000s\000u\000l\000t\000a\000t\000s\000\040\000e\000t\000\040\000v\000a\000l\000i\000d\000a\000t\000i\000o\000n}{}% 28
\BOOKMARK [1][-]{section.2.1}{\376\377\000O\000b\000j\000e\000c\000t\000i\000f\000\040\000d\000e\000\040\000l\000a\000\040\000v\000a\000l\000i\000d\000a\000t\000i\000o\000n}{chapter.2}% 29
\BOOKMARK [2][-]{subsection.2.1.1}{\376\377\000R\000T\000K\000L\000I\000B}{section.2.1}% 30
\BOOKMARK [1][-]{section.2.2}{\376\377\000C\000o\000m\000p\000a\000r\000a\000i\000s\000o\000n}{chapter.2}% 31
\BOOKMARK [2][-]{subsection.2.2.1}{\376\377\000D\000o\000n\000n\000\351\000e\000s\000\040\000u\000t\000i\000l\000i\000s\000\351\000e\000s}{section.2.2}% 32
\BOOKMARK [2][-]{subsection.2.2.2}{\376\377\000R\000a\000p\000p\000e\000l\000\040\000d\000e\000s\000\040\000p\000a\000r\000a\000m\000\350\000t\000r\000e\000s\000\040\000c\000o\000n\000f\000i\000g\000u\000r\000a\000b\000l\000e\000s}{section.2.2}% 33
\BOOKMARK [2][-]{subsection.2.2.3}{\376\377\000I\000n\000d\000i\000c\000a\000t\000e\000u\000r\000s\000\040\000d\000e\000\040\000c\000o\000m\000p\000a\000r\000a\000i\000s\000o\000n}{section.2.2}% 34
\BOOKMARK [1][-]{section.2.3}{\376\377\000V\000a\000l\000i\000d\000a\000t\000i\000o\000n\000\040\000d\000u\000\040\000p\000o\000s\000i\000t\000i\000o\000n\000n\000e\000m\000e\000n\000t\000\040\000S\000P\000P}{chapter.2}% 35
\BOOKMARK [2][-]{subsection.2.3.1}{\376\377\000C\000o\000n\000f\000i\000g\000u\000r\000a\000t\000i\000o\000n\000\040\000t\000\351\000m\000o\000i\000n}{section.2.3}% 36
\BOOKMARK [2][-]{subsection.2.3.2}{\376\377\000I\000n\000f\000l\000u\000e\000n\000c\000e\000\040\000d\000u\000\040\000m\000o\000d\000\350\000l\000e\000\040\000i\000o\000n\000o\000s\000p\000h\000\351\000r\000i\000q\000u\000e}{section.2.3}% 37
\BOOKMARK [2][-]{subsection.2.3.3}{\376\377\000I\000n\000f\000l\000u\000e\000n\000c\000e\000\040\000d\000e\000s\000\040\000c\000o\000n\000s\000t\000e\000l\000l\000a\000t\000i\000o\000n\000s}{section.2.3}% 38
\BOOKMARK [2][-]{subsection.2.3.4}{\376\377\000I\000n\000f\000l\000u\000e\000n\000c\000e\000\040\000d\000e\000\040\000l\000a\000\040\000s\000t\000a\000t\000i\000o\000n}{section.2.3}% 39
\BOOKMARK [2][-]{subsection.2.3.5}{\376\377\000I\000n\000f\000l\000u\000e\000n\000c\000e\000\040\000d\000u\000\040\000j\000o\000u\000r}{section.2.3}% 40
\BOOKMARK [2][-]{subsection.2.3.6}{\376\377\000B\000i\000l\000a\000n\000\040\000d\000e\000s\000\040\000c\000o\000m\000p\000a\000r\000a\000i\000s\000o\000n\000s\000\040\000S\000P\000P}{section.2.3}% 41
\BOOKMARK [1][-]{section.2.4}{\376\377\000V\000a\000l\000i\000d\000a\000t\000i\000o\000n\000\040\000d\000u\000\040\000p\000o\000s\000i\000t\000i\000o\000n\000n\000e\000m\000e\000n\000t\000\040\000P\000P\000P}{chapter.2}% 42
\BOOKMARK [2][-]{subsection.2.4.1}{\376\377\000C\000o\000n\000f\000i\000g\000u\000r\000a\000t\000i\000o\000n\000\040\000t\000\351\000m\000o\000i\000n}{section.2.4}% 43
\BOOKMARK [2][-]{subsection.2.4.2}{\376\377\000A\000p\000p\000o\000r\000t\000\040\000d\000e\000s\000\040\000p\000r\000o\000d\000u\000i\000t\000s\000\040\000p\000r\000\351\000c\000i\000s}{section.2.4}% 44
\BOOKMARK [2][-]{subsection.2.4.3}{\376\377\000A\000p\000p\000o\000r\000t\000\040\000d\000e\000\040\000G\000A\000L\000I\000L\000E\000O\000\040\000e\000n\000\040\000P\000P\000P}{section.2.4}% 45
\BOOKMARK [2][-]{subsection.2.4.4}{\376\377\000I\000n\000f\000l\000u\000e\000n\000c\000e\000\040\000d\000e\000\040\000l\000a\000\040\000s\000t\000a\000t\000i\000o\000n\000\040\000e\000n\000\040\000P\000P\000P}{section.2.4}% 46
\BOOKMARK [2][-]{subsection.2.4.5}{\376\377\000B\000i\000l\000a\000n\000\040\000d\000e\000s\000\040\000c\000o\000m\000p\000a\000r\000a\000i\000s\000o\000n\000s\000\040\000P\000P\000P}{section.2.4}% 47
\BOOKMARK [0][-]{chapter.3}{\376\377\000C\000o\000n\000c\000l\000u\000s\000i\000o\000n\000\040\000g\000\351\000n\000\351\000r\000a\000l\000e}{}% 48
\BOOKMARK [1][-]{section.3.1}{\376\377\000R\000\351\000p\000o\000n\000s\000e\000\040\000\340\000\040\000l\000a\000\040\000p\000r\000o\000b\000l\000\351\000m\000a\000t\000i\000q\000u\000e}{chapter.3}% 49
\BOOKMARK [1][-]{section.3.2}{\376\377\000R\000\351\000s\000u\000l\000t\000a\000t\000s\000\040\000o\000b\000t\000e\000n\000u\000s}{chapter.3}% 50
\BOOKMARK [1][-]{section.3.3}{\376\377\000L\000i\000m\000i\000t\000e\000s}{chapter.3}% 51
\BOOKMARK [1][-]{section.3.4}{\376\377\000O\000u\000v\000e\000r\000t\000u\000r\000e\000s}{chapter.3}% 52
\BOOKMARK [0][-]{section*.43}{\376\377\000A\000c\000r\000o\000n\000y\000m\000e\000s}{}% 53
\BOOKMARK [0][-]{section*.43}{\376\377\000B\000i\000b\000l\000i\000o\000g\000r\000a\000p\000h\000i\000e}{}% 54
\BOOKMARK [0][-]{appendix.A}{\376\377\000D\000\351\000t\000a\000i\000l\000s\000\040\000d\000e\000s\000\040\000m\000o\000d\000\350\000l\000e\000s\000\040\000d\000e\000\040\000c\000o\000r\000r\000e\000c\000t\000i\000o\000n}{}% 55
\BOOKMARK [1][-]{appendix.A.1}{\376\377\000F\000o\000n\000c\000t\000i\000o\000n\000s\000\040\000d\000e\000\040\000p\000r\000o\000j\000e\000c\000t\000i\000o\000n\000\040\000t\000r\000o\000p\000o\000s\000p\000h\000\351\000r\000i\000q\000u\000e}{appendix.A}% 56
\BOOKMARK [1][-]{appendix.A.2}{\376\377\000M\000o\000d\000\350\000l\000e\000\040\000i\000o\000n\000o\000s\000p\000h\000\351\000r\000i\000q\000u\000e\000\040\000d\000e\000\040\000K\000l\000o\000b\000u\000c\000h\000a\000r}{appendix.A}% 57
\BOOKMARK [2][-]{subsection.A.2.1}{\376\377\000C\000a\000l\000c\000u\000l\000\040\000d\000u\000\040\000p\000o\000i\000n\000t\000\040\000d\000e\000\040\000p\000e\000r\000c\000e\000m\000e\000n\000t\000\040\000i\000o\000n\000o\000s\000p\000h\000\351\000r\000i\000q\000u\000e}{appendix.A.2}% 58
\BOOKMARK [2][-]{subsection.A.2.2}{\376\377\000A\000m\000p\000l\000i\000t\000u\000d\000e\000\040\000e\000t\000\040\000p\000\351\000r\000i\000o\000d\000e\000\040\000d\000u\000\040\000m\000o\000d\000\350\000l\000e}{appendix.A.2}% 59
\BOOKMARK [2][-]{subsection.A.2.3}{\376\377\000R\000e\000t\000a\000r\000d\000\040\000i\000o\000n\000o\000s\000p\000h\000\351\000r\000i\000q\000u\000e\000\040\000v\000e\000r\000t\000i\000c\000a\000l}{appendix.A.2}% 60
\BOOKMARK [2][-]{subsection.A.2.4}{\376\377\000P\000r\000o\000j\000e\000c\000t\000i\000o\000n\000\040\000d\000u\000\040\000r\000e\000t\000a\000r\000d\000\040\000s\000e\000l\000o\000n\000\040\000l\000a\000\040\000l\000i\000g\000n\000e\000\040\000d\000e\000\040\000v\000i\000s\000\351\000e}{appendix.A.2}% 61
\BOOKMARK [0][-]{appendix.B}{\376\377\000L\000i\000n\000\351\000a\000r\000i\000s\000a\000t\000i\000o\000n\000\040\000e\000t\000\040\000m\000\351\000t\000h\000o\000d\000e\000s\000\040\000d\000'\000e\000s\000t\000i\000m\000a\000t\000i\000o\000n}{}% 62
\BOOKMARK [1][-]{appendix.B.1}{\376\377\000L\000i\000n\000\351\000a\000r\000i\000s\000a\000t\000i\000o\000n\000\040\000d\000u\000\040\000m\000o\000d\000\350\000l\000e}{appendix.B}% 63
\BOOKMARK [1][-]{appendix.B.2}{\376\377\000M\000o\000i\000n\000d\000r\000e\000s\000\040\000c\000a\000r\000r\000\351\000s\000\040\000p\000o\000n\000d\000\351\000r\000\351\000s}{appendix.B}% 64
\BOOKMARK [1][-]{appendix.B.3}{\376\377\000F\000i\000l\000t\000r\000e\000\040\000d\000e\000\040\000K\000a\000l\000m\000a\000n\000\040\000\351\000t\000e\000n\000d\000u\000\040}{appendix.B}% 65
\BOOKMARK [2][-]{subsection.B.3.1}{\376\377\000I\000n\000i\000t\000i\000a\000l\000i\000s\000a\000t\000i\000o\000n\000\040\000d\000u\000\040\000f\000i\000l\000t\000r\000e}{appendix.B.3}% 66
\BOOKMARK [2][-]{subsection.B.3.2}{\376\377\000M\000o\000d\000\350\000l\000e\000\040\000d\000'\000\351\000v\000o\000l\000u\000t\000i\000o\000n}{appendix.B.3}% 67
\BOOKMARK [2][-]{subsection.B.3.3}{\376\377\000M\000o\000d\000\350\000l\000e\000\040\000d\000'\000o\000b\000s\000e\000r\000v\000a\000t\000i\000o\000n}{appendix.B.3}% 68
\BOOKMARK [2][-]{subsection.B.3.4}{\376\377\000P\000r\000\351\000d\000i\000c\000t\000i\000o\000n}{appendix.B.3}% 69
\BOOKMARK [2][-]{subsection.B.3.5}{\376\377\000M\000i\000s\000e\000\040\000\340\000\040\000j\000o\000u\000r}{appendix.B.3}% 70
\BOOKMARK [0][-]{appendix.C}{\376\377\000D\000\351\000t\000e\000c\000t\000i\000o\000n\000\040\000e\000t\000\040\000t\000r\000a\000i\000t\000e\000m\000e\000n\000t\000\040\000d\000e\000s\000\040\000s\000a\000u\000t\000s\000\040\000d\000e\000\040\000c\000y\000c\000l\000e}{}% 71
\BOOKMARK [1][-]{appendix.C.1}{\376\377\000D\000\351\000f\000i\000n\000i\000t\000i\000o\000n\000\040\000e\000t\000\040\000c\000o\000n\000s\000\351\000q\000u\000e\000n\000c\000e\000s}{appendix.C}% 72
\BOOKMARK [1][-]{appendix.C.2}{\376\377\000D\000\351\000t\000e\000c\000t\000i\000o\000n\000\040\000p\000a\000r\000\040\000L\000L\000I}{appendix.C}% 73
\BOOKMARK [1][-]{appendix.C.3}{\376\377\000D\000\351\000t\000e\000c\000t\000i\000o\000n\000\040\000p\000a\000r\000\040\000M\000e\000l\000b\000o\000u\000r\000n\000e\000-\000W\000\374\000b\000b\000e\000n\000a}{appendix.C}% 74
\BOOKMARK [1][-]{appendix.C.4}{\376\377\000F\000u\000s\000i\000o\000n\000\040\000d\000e\000s\000\040\000i\000n\000d\000i\000c\000a\000t\000e\000u\000r\000s\000\040\000e\000t\000\040\000r\000\351\000i\000n\000i\000t\000i\000a\000l\000i\000s\000a\000t\000i\000o\000n}{appendix.C}% 75
